% Detected minimum model sizes of [3]
% Detected maximum model sizes of [max]
% TRYING [3]
% Finite Model Found!
% SZS status Satisfiable for cond
% FMB model self-check passed (4 units checked)
% SZS output start FiniteModel for cond
tff('declare_$i1',type,'fmb_$i_1':$i).
tff('declare_$i2',type,'fmb_$i_2':$i).
tff('declare_$i3',type,'fmb_$i_3':$i).
tff('finite_domain_$i',axiom,
      ! [X:$i] : (
         (X = 'fmb_$i_1') | (X = 'fmb_$i_2') | (X = 'fmb_$i_3')
      ) ).

tff('distinct_domain_$i',axiom,
         'fmb_$i_1' != 'fmb_$i_2' & 'fmb_$i_1' != 'fmb_$i_3' & 'fmb_$i_2' != 'fmb_$i_3'
).

tff(declare_a,type,a : $i).
tff(a_definition,axiom,a = 'fmb_$i_1').
tff(declare_b,type,b : $i).
tff(b_definition,axiom,b = 'fmb_$i_2').
tff(declare_c,type,c : $i).
tff(c_definition,axiom,c = 'fmb_$i_3').
tff(declare_f,type,f : ( $i ) > $i).
tff(f_symbolic_definition,axiom,![X0:$i]: f(X0) = iG1(X0)).
tff(declare_p,type,p: ( $i ) > $o ).
tff(predicate_p,axiom,
           p('fmb_$i_1')
         & ~p('fmb_$i_2')
         & p('fmb_$i_3')
).

tff(declare_q,type,q: ( $i ) > $o ).
tff(predicate_q,axiom,
           q('fmb_$i_1')
         & ~q('fmb_$i_2')
         & q('fmb_$i_3')
).

% SZS output end FiniteModel for cond
